09:24:09 **** Clean-only build of configuration Debug for project GPIO ****
make -j16 clean 
rm -rf ./Startup/startup_stm32f401retx.d ./Startup/startup_stm32f401retx.o
rm -rf ./Src/bai2.cyclo ./Src/bai2.d ./Src/bai2.o ./Src/bai2.su ./Src/syscalls.cyclo ./Src/syscalls.d ./Src/syscalls.o ./Src/syscalls.su ./Src/sysmem.cyclo ./Src/sysmem.d ./Src/sysmem.o ./Src/sysmem.su
rm -rf GPIO.elf GPIO.list GPIO.map default.size.stdout
 
09:24:09 **** Incremental Build of configuration Debug for project GPIO ****
make -j16 all 
arm-none-eabi-gcc -mcpu=cortex-m4 -g3 -DDEBUG -c -x assembler-with-cpp -MMD -MP -MF"Startup/startup_stm32f401retx.d" -MT"Startup/startup_stm32f401retx.o" --specs=nano.specs -mfpu=fpv4-sp-d16 -mfloat-abi=hard -mthumb -o "Startup/startup_stm32f401retx.o" "../Startup/startup_stm32f401retx.s"
arm-none-eabi-gcc "../Src/bai3.c" -mcpu=cortex-m4 -std=gnu11 -g3 -DDEBUG -DNUCLEO_F401RE -DSTM32 -DSTM32F401RETx -DSTM32F4 -c -I../Inc -I"E:/Library_Embedded/SDK_1.0.3_NUCLEO-F401RE Old/SDK_1.0.3_NUCLEO-F401RE/shared/Drivers/CMSIS/Include" -I"E:/Library_Embedded/SDK_1.0.3_NUCLEO-F401RE Old/SDK_1.0.3_NUCLEO-F401RE/shared/Drivers/STM32F401RE_StdPeriph_Driver/inc" -I"E:/Library_Embedded/SDK_1.0.3_NUCLEO-F401RE Old/SDK_1.0.3_NUCLEO-F401RE/shared/Middle/button" -I"E:/Library_Embedded/SDK_1.0.3_NUCLEO-F401RE Old/SDK_1.0.3_NUCLEO-F401RE/shared/Middle/buzzer" -I"E:/Library_Embedded/SDK_1.0.3_NUCLEO-F401RE Old/SDK_1.0.3_NUCLEO-F401RE/shared/Middle/led" -I"E:/Library_Embedded/SDK_1.0.3_NUCLEO-F401RE Old/SDK_1.0.3_NUCLEO-F401RE/shared/Middle/rtos" -I"E:/Library_Embedded/SDK_1.0.3_NUCLEO-F401RE Old/SDK_1.0.3_NUCLEO-F401RE/shared/Middle/sensor" -I"E:/Library_Embedded/SDK_1.0.3_NUCLEO-F401RE Old/SDK_1.0.3_NUCLEO-F401RE/shared/Middle/serial" -I"E:/Library_Embedded/SDK_1.0.3_NUCLEO-F401RE Old/SDK_1.0.3_NUCLEO-F401RE/shared/Middle/ucglib" -I"E:/Library_Embedded/SDK_1.0.3_NUCLEO-F401RE Old/SDK_1.0.3_NUCLEO-F401RE/shared/Utilities" -O0 -ffunction-sections -fdata-sections -Wall -fstack-usage -fcyclomatic-complexity -MMD -MP -MF"Src/bai3.d" -MT"Src/bai3.o" --specs=nano.specs -mfpu=fpv4-sp-d16 -mfloat-abi=hard -mthumb -o "Src/bai3.o"
arm-none-eabi-gcc "../Src/syscalls.c" -mcpu=cortex-m4 -std=gnu11 -g3 -DDEBUG -DNUCLEO_F401RE -DSTM32 -DSTM32F401RETx -DSTM32F4 -c -I../Inc -I"E:/Library_Embedded/SDK_1.0.3_NUCLEO-F401RE Old/SDK_1.0.3_NUCLEO-F401RE/shared/Drivers/CMSIS/Include" -I"E:/Library_Embedded/SDK_1.0.3_NUCLEO-F401RE Old/SDK_1.0.3_NUCLEO-F401RE/shared/Drivers/STM32F401RE_StdPeriph_Driver/inc" -I"E:/Library_Embedded/SDK_1.0.3_NUCLEO-F401RE Old/SDK_1.0.3_NUCLEO-F401RE/shared/Middle/button" -I"E:/Library_Embedded/SDK_1.0.3_NUCLEO-F401RE Old/SDK_1.0.3_NUCLEO-F401RE/shared/Middle/buzzer" -I"E:/Library_Embedded/SDK_1.0.3_NUCLEO-F401RE Old/SDK_1.0.3_NUCLEO-F401RE/shared/Middle/led" -I"E:/Library_Embedded/SDK_1.0.3_NUCLEO-F401RE Old/SDK_1.0.3_NUCLEO-F401RE/shared/Middle/rtos" -I"E:/Library_Embedded/SDK_1.0.3_NUCLEO-F401RE Old/SDK_1.0.3_NUCLEO-F401RE/shared/Middle/sensor" -I"E:/Library_Embedded/SDK_1.0.3_NUCLEO-F401RE Old/SDK_1.0.3_NUCLEO-F401RE/shared/Middle/serial" -I"E:/Library_Embedded/SDK_1.0.3_NUCLEO-F401RE Old/SDK_1.0.3_NUCLEO-F401RE/shared/Middle/ucglib" -I"E:/Library_Embedded/SDK_1.0.3_NUCLEO-F401RE Old/SDK_1.0.3_NUCLEO-F401RE/shared/Utilities" -O0 -ffunction-sections -fdata-sections -Wall -fstack-usage -fcyclomatic-complexity -MMD -MP -MF"Src/syscalls.d" -MT"Src/syscalls.o" --specs=nano.specs -mfpu=fpv4-sp-d16 -mfloat-abi=hard -mthumb -o "Src/syscalls.o"
arm-none-eabi-gcc "../Src/sysmem.c" -mcpu=cortex-m4 -std=gnu11 -g3 -DDEBUG -DNUCLEO_F401RE -DSTM32 -DSTM32F401RETx -DSTM32F4 -c -I../Inc -I"E:/Library_Embedded/SDK_1.0.3_NUCLEO-F401RE Old/SDK_1.0.3_NUCLEO-F401RE/shared/Drivers/CMSIS/Include" -I"E:/Library_Embedded/SDK_1.0.3_NUCLEO-F401RE Old/SDK_1.0.3_NUCLEO-F401RE/shared/Drivers/STM32F401RE_StdPeriph_Driver/inc" -I"E:/Library_Embedded/SDK_1.0.3_NUCLEO-F401RE Old/SDK_1.0.3_NUCLEO-F401RE/shared/Middle/button" -I"E:/Library_Embedded/SDK_1.0.3_NUCLEO-F401RE Old/SDK_1.0.3_NUCLEO-F401RE/shared/Middle/buzzer" -I"E:/Library_Embedded/SDK_1.0.3_NUCLEO-F401RE Old/SDK_1.0.3_NUCLEO-F401RE/shared/Middle/led" -I"E:/Library_Embedded/SDK_1.0.3_NUCLEO-F401RE Old/SDK_1.0.3_NUCLEO-F401RE/shared/Middle/rtos" -I"E:/Library_Embedded/SDK_1.0.3_NUCLEO-F401RE Old/SDK_1.0.3_NUCLEO-F401RE/shared/Middle/sensor" -I"E:/Library_Embedded/SDK_1.0.3_NUCLEO-F401RE Old/SDK_1.0.3_NUCLEO-F401RE/shared/Middle/serial" -I"E:/Library_Embedded/SDK_1.0.3_NUCLEO-F401RE Old/SDK_1.0.3_NUCLEO-F401RE/shared/Middle/ucglib" -I"E:/Library_Embedded/SDK_1.0.3_NUCLEO-F401RE Old/SDK_1.0.3_NUCLEO-F401RE/shared/Utilities" -O0 -ffunction-sections -fdata-sections -Wall -fstack-usage -fcyclomatic-complexity -MMD -MP -MF"Src/sysmem.d" -MT"Src/sysmem.o" --specs=nano.specs -mfpu=fpv4-sp-d16 -mfloat-abi=hard -mthumb -o "Src/sysmem.o"
arm-none-eabi-gcc -o "GPIO.elf" @"objects.list"  -lLibraries -mcpu=cortex-m4 -T"E:\Embedded-C\My_workspace\18032026_Nhom4\GPIO\STM32F401RETX_FLASH.ld" --specs=nosys.specs -Wl,-Map="GPIO.map" -Wl,--gc-sections -static -L"E:\Library_Embedded\SDK_1.0.3_NUCLEO-F401RE Old\SDK_1.0.3_NUCLEO-F401RE\lib_stm" --specs=nano.specs -mfpu=fpv4-sp-d16 -mfloat-abi=hard -mthumb -Wl,--start-group -lc -lm -Wl,--end-group
Finished building target: GPIO.elf
 
arm-none-eabi-size  GPIO.elf 
arm-none-eabi-objdump -h -S GPIO.elf  > "GPIO.list"
   text	   data	    bss	    dec	    hex	filename
   1912	     20	   1564	   3496	    da8	GPIO.elf
Finished building: default.size.stdout
 
Finished building: GPIO.list
 
09:24:13 **** Incremental Build of configuration Debug for project GPIO ****
make -j16 all 
arm-none-eabi-size  GPIO.elf 
   text	   data	    bss	    dec	    hex	filename
   1912	     20	   1564	   3496	    da8	GPIO.elf
Finished building: default.size.stdout
 
