08:36:06 **** Incremental Build of configuration Debug for project ProjectDauTien ****
make -j16 all 
arm-none-eabi-gcc "../Src/main.c" -mcpu=cortex-m4 -std=gnu11 -g3 -DDEBUG -DNUCLEO_F401RE -DSTM32 -DSTM32F401RETx -DSTM32F4 -c -I"E:/Library_Embedded/SDK_1.0.3_NUCLEO-F401RE Old/SDK_1.0.3_NUCLEO-F401RE/shared/Drivers/STM32F401RE_StdPeriph_Driver/inc" -I"E:/Library_Embedded/SDK_1.0.3_NUCLEO-F401RE Old/SDK_1.0.3_NUCLEO-F401RE/shared/Middle/button" -I"E:/Library_Embedded/SDK_1.0.3_NUCLEO-F401RE Old/SDK_1.0.3_NUCLEO-F401RE/shared/Middle/buzzer" -I"E:/Library_Embedded/SDK_1.0.3_NUCLEO-F401RE Old/SDK_1.0.3_NUCLEO-F401RE/shared/Middle/led" -I"E:/Library_Embedded/SDK_1.0.3_NUCLEO-F401RE Old/SDK_1.0.3_NUCLEO-F401RE/shared/Middle/rtos" -I"E:/Library_Embedded/SDK_1.0.3_NUCLEO-F401RE Old/SDK_1.0.3_NUCLEO-F401RE/shared/Middle/sensor" -I"E:/Library_Embedded/SDK_1.0.3_NUCLEO-F401RE Old/SDK_1.0.3_NUCLEO-F401RE/shared/Middle/serial" -I"E:/Library_Embedded/SDK_1.0.3_NUCLEO-F401RE Old/SDK_1.0.3_NUCLEO-F401RE/shared/Middle/ucglib" -I"E:/Library_Embedded/SDK_1.0.3_NUCLEO-F401RE Old/SDK_1.0.3_NUCLEO-F401RE/shared/Utilities" -I../Inc -I"E:/Library_Embedded/SDK_1.0.3_NUCLEO-F401RE Old/SDK_1.0.3_NUCLEO-F401RE/shared/Drivers/CMSIS/Include" -O0 -ffunction-sections -fdata-sections -Wall -fstack-usage -fcyclomatic-complexity -MMD -MP -MF"Src/main.d" -MT"Src/main.o" --specs=nano.specs -mfpu=fpv4-sp-d16 -mfloat-abi=hard -mthumb -o "Src/main.o"
arm-none-eabi-gcc -o "ProjectDauTien.elf" @"objects.list"  -lLibraries -mcpu=cortex-m4 -T"E:\Embedded-C\My_workspace\18032026_Nhom4\ProjectDauTien\STM32F401RETX_FLASH.ld" --specs=nosys.specs -Wl,-Map="ProjectDauTien.map" -Wl,--gc-sections -static -L"E:\Library_Embedded\SDK_1.0.3_NUCLEO-F401RE Old\SDK_1.0.3_NUCLEO-F401RE\lib_stm" --specs=nano.specs -mfpu=fpv4-sp-d16 -mfloat-abi=hard -mthumb -Wl,--start-group -lc -lm -Wl,--end-group
Finished building target: ProjectDauTien.elf
 
arm-none-eabi-size  ProjectDauTien.elf 
arm-none-eabi-objdump -h -S ProjectDauTien.elf  > "ProjectDauTien.list"
   text	   data	    bss	    dec	    hex	filename
  16780	     40	   6264	  23084	   5a2c	ProjectDauTien.elf
Finished building: default.size.stdout
 
Finished building: ProjectDauTien.list
 

08:36:07 Build Finished. 0 errors, 0 warnings. (took 496ms)

